Command stdout:

Command stderr:
2026-02-13 16:06:06,929 - INFO - stubgen-pyx v0.2.2
2026-02-13 16:06:06,930 - INFO - Found 1 file(s) to convert
<unknown>:252: SyntaxWarning: invalid escape sequence '\B'
<unknown>:394: SyntaxWarning: invalid escape sequence '\R'
<unknown>:428: SyntaxWarning: invalid escape sequence '\p'
<unknown>:452: SyntaxWarning: invalid escape sequence '\g'
<unknown>:601: SyntaxWarning: invalid escape sequence '\e'
<unknown>:662: SyntaxWarning: invalid escape sequence '\C'
<unknown>:997: SyntaxWarning: invalid escape sequence '\o'
<unknown>:1011: SyntaxWarning: invalid escape sequence '\o'
<unknown>:1022: SyntaxWarning: invalid escape sequence '\p'
<unknown>:1067: SyntaxWarning: invalid escape sequence '\p'
<unknown>:1109: SyntaxWarning: invalid escape sequence '\c'
<unknown>:1138: SyntaxWarning: invalid escape sequence '\l'
<unknown>:1244: SyntaxWarning: invalid escape sequence '\C'
<unknown>:1268: SyntaxWarning: invalid escape sequence '\i'
<unknown>:1282: SyntaxWarning: invalid escape sequence '\i'
<unknown>:1296: SyntaxWarning: invalid escape sequence '\i'
<unknown>:1323: SyntaxWarning: invalid escape sequence '\e'
<unknown>:1341: SyntaxWarning: invalid escape sequence '\l'
<unknown>:1362: SyntaxWarning: invalid escape sequence '\l'
<unknown>:1375: SyntaxWarning: invalid escape sequence '\l'
<unknown>:1392: SyntaxWarning: invalid escape sequence '\s'
<unknown>:1406: SyntaxWarning: invalid escape sequence '\c'
<unknown>:1420: SyntaxWarning: invalid escape sequence '\s'
<unknown>:1434: SyntaxWarning: invalid escape sequence '\c'
<unknown>:1448: SyntaxWarning: invalid escape sequence '\c'
<unknown>:1462: SyntaxWarning: invalid escape sequence '\c'
<unknown>:1546: SyntaxWarning: invalid escape sequence '\s'
<unknown>:1561: SyntaxWarning: invalid escape sequence '\c'
<unknown>:1576: SyntaxWarning: invalid escape sequence '\s'
<unknown>:1621: SyntaxWarning: invalid escape sequence '\c'
<unknown>:1700: SyntaxWarning: invalid escape sequence '\e'
<unknown>:1797: SyntaxWarning: invalid escape sequence '\p'
<unknown>:1844: SyntaxWarning: invalid escape sequence '\l'
<unknown>:1856: SyntaxWarning: invalid escape sequence '\G'
2026-02-13 16:06:08,569 - INFO - Successfully converted 1 file(s)
